go-8-middle-project-kafka-broker-3-1  | [2023-10-28 18:33:44,461] INFO [Controller id=3] Starting replica leader election (PREFERRED) for partitions  triggered by ZkTriggered (kafka.controller.KafkaController)
go-8-middle-project-kafka-broker-1-1  | [2023-10-28 18:33:44,468] INFO [GroupCoordinator 1]: Starting up. (kafka.coordinator.group.GroupCoordinator)
go-8-middle-project-kafka-broker-3-1  | [2023-10-28 18:33:44,470] INFO [/config/changes-event-process-thread]: Starting (kafka.common.ZkNodeChangeNotificationListener$ChangeEventProcessThread)
go-8-middle-project-kafka-broker-1-1  | [2023-10-28 18:33:44,475] INFO [GroupCoordinator 1]: Startup complete. (kafka.coordinator.group.GroupCoordinator)
go-8-middle-project-kafka-broker-3-1  | [2023-10-28 18:33:44,478] INFO [Controller id=3] Starting the controller scheduler (kafka.controller.KafkaController)
go-8-middle-project-kafka-broker-3-1  | [2023-10-28 18:33:44,486] INFO [SocketServer listenerType=ZK_BROKER, nodeId=3] Enabling request processing. (kafka.network.SocketServer)
go-8-middle-project-kafka-broker-3-1  | [2023-10-28 18:33:44,491] INFO Awaiting socket connections on 0.0.0.0:29093. (kafka.network.DataPlaneAcceptor)
go-8-middle-project-kafka-broker-3-1  | [2023-10-28 18:33:44,495] INFO Awaiting socket connections on 0.0.0.0:9093. (kafka.network.DataPlaneAcceptor)
go-8-middle-project-kafka-broker-1-1  | [2023-10-28 18:33:44,496] INFO [TransactionCoordinator id=1] Starting up. (kafka.coordinator.transaction.TransactionCoordinator)
go-8-middle-project-kafka-broker-2-1  | [2023-10-28 18:33:44,499] INFO [/config/changes-event-process-thread]: Starting (kafka.common.ZkNodeChangeNotificationListener$ChangeEventProcessThread)
go-8-middle-project-kafka-broker-3-1  | [2023-10-28 18:33:44,503] INFO Kafka version: 7.5.1-ccs (org.apache.kafka.common.utils.AppInfoParser)
go-8-middle-project-kafka-broker-3-1  | [2023-10-28 18:33:44,503] INFO Kafka commitId: 18394206009bb2f31244031f70fdb5e5826e2408 (org.apache.kafka.common.utils.AppInfoParser)
go-8-middle-project-kafka-broker-3-1  | [2023-10-28 18:33:44,503] INFO Kafka startTimeMs: 1698518024497 (org.apache.kafka.common.utils.AppInfoParser)
go-8-middle-project-kafka-broker-1-1  | [2023-10-28 18:33:44,505] INFO [TransactionCoordinator id=1] Startup complete. (kafka.coordinator.transaction.TransactionCoordinator)
go-8-middle-project-kafka-broker-3-1  | [2023-10-28 18:33:44,505] INFO [KafkaServer id=3] started (kafka.server.KafkaServer)
go-8-middle-project-kafka-broker-1-1  | [2023-10-28 18:33:44,505] INFO [TxnMarkerSenderThread-1]: Starting (kafka.coordinator.transaction.TransactionMarkerChannelManager)
go-8-middle-project-kafka-broker-2-1  | [2023-10-28 18:33:44,517] INFO [SocketServer listenerType=ZK_BROKER, nodeId=2] Enabling request processing. (kafka.network.SocketServer)
go-8-middle-project-kafka-broker-2-1  | [2023-10-28 18:33:44,520] INFO Awaiting socket connections on 0.0.0.0:29091. (kafka.network.DataPlaneAcceptor)
go-8-middle-project-kafka-broker-2-1  | [2023-10-28 18:33:44,521] INFO Awaiting socket connections on 0.0.0.0:9092. (kafka.network.DataPlaneAcceptor)
go-8-middle-project-kafka-broker-2-1  | [2023-10-28 18:33:44,529] INFO Kafka version: 7.5.1-ccs (org.apache.kafka.common.utils.AppInfoParser)
go-8-middle-project-kafka-broker-2-1  | [2023-10-28 18:33:44,529] INFO Kafka commitId: 18394206009bb2f31244031f70fdb5e5826e2408 (org.apache.kafka.common.utils.AppInfoParser)
go-8-middle-project-kafka-broker-2-1  | [2023-10-28 18:33:44,530] INFO Kafka startTimeMs: 1698518024526 (org.apache.kafka.common.utils.AppInfoParser)
go-8-middle-project-kafka-broker-2-1  | [2023-10-28 18:33:44,531] INFO [KafkaServer id=2] started (kafka.server.KafkaServer)
go-8-middle-project-kafka-broker-1-1  | [2023-10-28 18:33:44,541] INFO [ExpirationReaper-1-AlterAcls]: Starting (kafka.server.DelayedOperationPurgatory$ExpiredOperationReaper)
go-8-middle-project-kafka-broker-3-1  | [2023-10-28 18:33:44,546] INFO [RequestSendThread controllerId=3] Controller 3 connected to kafka-broker-3:29093 (id: 3 rack: null) for sending state change requests (kafka.controller.RequestSendThread)
go-8-middle-project-kafka-broker-3-1  | [2023-10-28 18:33:44,548] INFO [RequestSendThread controllerId=3] Controller 3 connected to kafka-broker-2:29091 (id: 2 rack: null) for sending state change requests (kafka.controller.RequestSendThread)
go-8-middle-project-kafka-broker-3-1  | [2023-10-28 18:33:44,548] INFO [Controller id=3, targetBrokerId=1] Node 1 disconnected. (org.apache.kafka.clients.NetworkClient)
go-8-middle-project-kafka-broker-3-1  | [2023-10-28 18:33:44,550] WARN [Controller id=3, targetBrokerId=1] Connection to node 1 (kafka-broker-1/172.19.0.10:29091) could not be established. Broker may not be available. (org.apache.kafka.clients.NetworkClient)
go-8-middle-project-kafka-broker-3-1  | [2023-10-28 18:33:44,551] WARN [RequestSendThread controllerId=3] Controller 3's connection to broker kafka-broker-1:29091 (id: 1 rack: null) was unsuccessful (kafka.controller.RequestSendThread)
go-8-middle-project-kafka-broker-3-1  | java.io.IOException: Connection to kafka-broker-1:29091 (id: 1 rack: null) failed.
go-8-middle-project-kafka-broker-3-1  | 	at org.apache.kafka.clients.NetworkClientUtils.awaitReady(NetworkClientUtils.java:70)
go-8-middle-project-kafka-broker-3-1  | 	at kafka.controller.RequestSendThread.brokerReady(ControllerChannelManager.scala:296)
go-8-middle-project-kafka-broker-3-1  | 	at kafka.controller.RequestSendThread.doWork(ControllerChannelManager.scala:249)
go-8-middle-project-kafka-broker-3-1  | 	at org.apache.kafka.server.util.ShutdownableThread.run(ShutdownableThread.java:127)
go-8-middle-project-kafka-broker-3-1  | [2023-10-28 18:33:44,551] INFO [Controller id=3, targetBrokerId=1] Client requested connection close from node 1 (org.apache.kafka.clients.NetworkClient)
go-8-middle-project-kafka-broker-1-1  | [2023-10-28 18:33:44,571] INFO [/config/changes-event-process-thread]: Starting (kafka.common.ZkNodeChangeNotificationListener$ChangeEventProcessThread)
go-8-middle-project-kafka-broker-1-1  | [2023-10-28 18:33:44,584] INFO [SocketServer listenerType=ZK_BROKER, nodeId=1] Enabling request processing. (kafka.network.SocketServer)
go-8-middle-project-kafka-broker-1-1  | [2023-10-28 18:33:44,587] INFO Awaiting socket connections on 0.0.0.0:29091. (kafka.network.DataPlaneAcceptor)
go-8-middle-project-kafka-broker-1-1  | [2023-10-28 18:33:44,589] INFO Awaiting socket connections on 0.0.0.0:9091. (kafka.network.DataPlaneAcceptor)
go-8-middle-project-kafka-broker-1-1  | [2023-10-28 18:33:44,596] INFO Kafka version: 7.5.1-ccs (org.apache.kafka.common.utils.AppInfoParser)
go-8-middle-project-kafka-broker-1-1  | [2023-10-28 18:33:44,597] INFO Kafka commitId: 18394206009bb2f31244031f70fdb5e5826e2408 (org.apache.kafka.common.utils.AppInfoParser)
go-8-middle-project-kafka-broker-1-1  | [2023-10-28 18:33:44,597] INFO Kafka startTimeMs: 1698518024591 (org.apache.kafka.common.utils.AppInfoParser)
go-8-middle-project-kafka-broker-1-1  | [2023-10-28 18:33:44,601] INFO [KafkaServer id=1] started (kafka.server.KafkaServer)
go-8-middle-project-kafka-broker-3-1  | [2023-10-28 18:33:44,616] TRACE [Controller id=3 epoch=18] Received response UpdateMetadataResponseData(errorCode=0) for request UPDATE_METADATA with correlation id 0 sent to broker kafka-broker-3:29093 (id: 3 rack: null) (state.change.logger)
go-8-middle-project-kafka-broker-2-1  | [2023-10-28 18:33:44,625] INFO [zk-broker-2-to-controller-alter-partition-channel-manager]: Recorded new controller, from now on will use node kafka-broker-3:29093 (id: 3 rack: null) (kafka.server.BrokerToControllerRequestThread)
go-8-middle-project-kafka-broker-3-1  | [2023-10-28 18:33:44,628] TRACE [Controller id=3 epoch=18] Received response UpdateMetadataResponseData(errorCode=0) for request UPDATE_METADATA with correlation id 0 sent to broker kafka-broker-2:29091 (id: 2 rack: null) (state.change.logger)
go-8-middle-project-kafka-broker-3-1  | [2023-10-28 18:33:44,652] INFO [RequestSendThread controllerId=3] Controller 3 connected to kafka-broker-1:29091 (id: 1 rack: null) for sending state change requests (kafka.controller.RequestSendThread)
go-8-middle-project-kafka-broker-3-1  | [2023-10-28 18:33:44,680] INFO [zk-broker-3-to-controller-forwarding-channel-manager]: Recorded new controller, from now on will use node kafka-broker-3:29093 (id: 3 rack: null) (kafka.server.BrokerToControllerRequestThread)
go-8-middle-project-kafka-broker-3-1  | [2023-10-28 18:33:44,681] INFO [zk-broker-3-to-controller-alter-partition-channel-manager]: Recorded new controller, from now on will use node kafka-broker-3:29093 (id: 3 rack: null) (kafka.server.BrokerToControllerRequestThread)
go-8-middle-project-kafka-broker-2-1  | [2023-10-28 18:33:44,684] INFO [zk-broker-2-to-controller-forwarding-channel-manager]: Recorded new controller, from now on will use node kafka-broker-3:29093 (id: 3 rack: null) (kafka.server.BrokerToControllerRequestThread)
go-8-middle-project-kafka-broker-3-1  | [2023-10-28 18:33:44,704] TRACE [Controller id=3 epoch=18] Received response UpdateMetadataResponseData(errorCode=0) for request UPDATE_METADATA with correlation id 0 sent to broker kafka-broker-1:29091 (id: 1 rack: null) (state.change.logger)
go-8-middle-project-zookeeper-1       | [2023-10-28 18:33:44,753] INFO The list of known four letter word commands is : [{1936881266=srvr, 1937006964=stat, 2003003491=wchc, 1685417328=dump, 1668445044=crst, 1936880500=srst, 1701738089=envi, 1668247142=conf, -720899=telnet close, 1751217000=hash, 2003003507=wchs, 2003003504=wchp, 1684632179=dirs, 1668247155=cons, 1835955314=mntr, 1769173615=isro, 1920298859=ruok, 1735683435=gtmk, 1937010027=stmk}] (org.apache.zookeeper.server.command.FourLetterCommands)
go-8-middle-project-zookeeper-1       | [2023-10-28 18:33:44,753] INFO The list of enabled four letter word commands is : [[srvr]] (org.apache.zookeeper.server.command.FourLetterCommands)
go-8-middle-project-kafka-broker-1-1  | [2023-10-28 18:33:44,757] INFO [zk-broker-1-to-controller-forwarding-channel-manager]: Recorded new controller, from now on will use node kafka-broker-3:29093 (id: 3 rack: null) (kafka.server.BrokerToControllerRequestThread)
go-8-middle-project-kafka-broker-1-1  | [2023-10-28 18:33:44,782] INFO [zk-broker-1-to-controller-alter-partition-channel-manager]: Recorded new controller, from now on will use node kafka-broker-3:29093 (id: 3 rack: null) (kafka.server.BrokerToControllerRequestThread)
go-8-middle-project-kafka-broker-3-1  | [2023-10-28 18:33:49,479] INFO [Controller id=3] Processing automatic preferred replica leader election (kafka.controller.KafkaController)
go-8-middle-project-kafka-broker-3-1  | [2023-10-28 18:33:49,479] TRACE [Controller id=3] Checking need to trigger auto leader balancing (kafka.controller.KafkaController)
kafka-ui                              | [30m2023-10-28 18:34:17,342[0;39m [34mINFO [0;39m [[34mreactor-http-epoll-5[0;39m] [33mc.p.k.u.u.ApplicationRestarter[0;39m: Restarting application
kafka-ui                              | 18:34:19,420 |-INFO in ch.qos.logback.core.joran.spi.ConfigurationWatchList@2aced2fd - URL [jar:file:/kafka-ui-api.jar!/BOOT-INF/classes!/logback-spring.xml] is not of type file
kafka-ui                              | 18:34:19,424 |-INFO in ch.qos.logback.core.model.processor.AppenderModelHandler - Processing appender named [STDOUT]
kafka-ui                              | 18:34:19,424 |-INFO in ch.qos.logback.core.model.processor.AppenderModelHandler - About to instantiate appender of type [ch.qos.logback.core.ConsoleAppender]
kafka-ui                              | 18:34:19,425 |-WARN in ch.qos.logback.core.ConsoleAppender[STDOUT] - This appender no longer admits a layout as a sub-component, set an encoder instead.
kafka-ui                              | 18:34:19,425 |-WARN in ch.qos.logback.core.ConsoleAppender[STDOUT] - To ensure compatibility, wrapping your layout in LayoutWrappingEncoder.
kafka-ui                              | 18:34:19,425 |-WARN in ch.qos.logback.core.ConsoleAppender[STDOUT] - See also http://logback.qos.ch/codes.html#layoutInsteadOfEncoder for details
kafka-ui                              | 18:34:19,425 |-INFO in ch.qos.logback.classic.model.processor.RootLoggerModelHandler - Setting level of ROOT logger to INFO
kafka-ui                              | 18:34:19,425 |-INFO in ch.qos.logback.classic.jul.LevelChangePropagator@26e3192 - Propagating INFO level on Logger[ROOT] onto the JUL framework
kafka-ui                              | 18:34:19,425 |-INFO in ch.qos.logback.core.model.processor.AppenderRefModelHandler - Attaching appender named [STDOUT] to Logger[ROOT]
kafka-ui                              | 18:34:19,425 |-INFO in ch.qos.logback.core.model.processor.DefaultProcessor@731f1501 - End of configuration.
kafka-ui                              | 18:34:19,425 |-INFO in org.springframework.boot.logging.logback.SpringBootJoranConfigurator@3e65fc - Registering current configuration as safe fallback point
kafka-ui                              | 
kafka-ui                              |  _   _ ___    __             _                _          _  __      __ _
kafka-ui                              | | | | |_ _|  / _|___ _ _    /_\  _ __ __ _ __| |_  ___  | |/ /__ _ / _| |_____
kafka-ui                              | | |_| || |  |  _/ _ | '_|  / _ \| '_ / _` / _| ' \/ -_) | ' </ _` |  _| / / _`|
kafka-ui                              |  \___/|___| |_| \___|_|   /_/ \_| .__\__,_\__|_||_\___| |_|\_\__,_|_| |_\_\__,|
kafka-ui                              |                                  |_|                                             
kafka-ui                              | 
kafka-ui                              | [30m2023-10-28 18:34:19,434[0;39m [34mINFO [0;39m [[34mrestartedMain-1698518057342[0;39m] [33mc.p.k.u.u.DynamicConfigOperations[0;39m: Dynamic config loaded from /etc/kafkaui/dynamic_config.yaml
kafka-ui                              | [30m2023-10-28 18:34:19,435[0;39m [34mINFO [0;39m [[34mrestartedMain-1698518057342[0;39m] [33mo.s.b.SpringApplication[0;39m: Starting application using Java 17.0.6 with PID 1 (/kafka-ui-api.jar started by kafkaui in /)
kafka-ui                              | [30m2023-10-28 18:34:19,435[0;39m [34mINFO [0;39m [[34mrestartedMain-1698518057342[0;39m] [33mo.s.b.SpringApplication[0;39m: No active profile set, falling back to 1 default profile: "default"
kafka-ui                              | [30m2023-10-28 18:34:19,792[0;39m [39mDEBUG[0;39m [[34mrestartedMain-1698518057342[0;39m] [33mc.p.k.u.s.SerdesInitializer[0;39m: Configuring serdes for cluster devtask
kafka-ui                              | [30m2023-10-28 18:34:19,905[0;39m [34mINFO [0;39m [[34mrestartedMain-1698518057342[0;39m] [33mo.s.b.a.e.w.EndpointLinksResolver[0;39m: Exposing 2 endpoint(s) beneath base path '/actuator'
kafka-ui                              | [30m2023-10-28 18:34:19,916[0;39m [34mINFO [0;39m [[34mrestartedMain-1698518057342[0;39m] [33mo.s.b.a.s.r.ReactiveUserDetailsServiceAutoConfiguration[0;39m: 
kafka-ui                              | 
kafka-ui                              | Using generated security password: 0e8bfa8a-ebd0-4eeb-bcb4-4628a3c8458a
kafka-ui                              | 
kafka-ui                              | [30m2023-10-28 18:34:19,931[0;39m [31mWARN [0;39m [[34mrestartedMain-1698518057342[0;39m] [33mc.p.k.u.c.a.DisabledAuthSecurityConfig[0;39m: Authentication is disabled. Access will be unrestricted.
kafka-ui                              | [30m2023-10-28 18:34:19,957[0;39m [34mINFO [0;39m [[34mrestartedMain-1698518057342[0;39m] [33mo.s.b.w.e.n.NettyWebServer[0;39m: Netty started on port 8080
kafka-ui                              | [30m2023-10-28 18:34:19,962[0;39m [34mINFO [0;39m [[34mrestartedMain-1698518057342[0;39m] [33mo.s.b.SpringApplication[0;39m: Started application in 0.565 seconds (process running for 45.188)
kafka-ui                              | [30m2023-10-28 18:34:20,256[0;39m [39mDEBUG[0;39m [[34mparallel-1[0;39m] [33mc.p.k.u.s.ClustersStatisticsScheduler[0;39m: Start getting metrics for kafkaCluster: devtask
kafka-ui                              | [30m2023-10-28 18:34:20,264[0;39m [34mINFO [0;39m [[34mparallel-1[0;39m] [33mo.a.k.c.a.AdminClientConfig[0;39m: AdminClientConfig values: 
kafka-ui                              | 	bootstrap.servers = [LISTNER_INT://kafka-broker-1:29091, LISTNER_INT://kafka-broker-2:29092, LISTNER_INT://kafka-broker-3:29093]
kafka-ui                              | 	client.dns.lookup = use_all_dns_ips
kafka-ui                              | 	client.id = kafka-ui-admin-1698518060-1
kafka-ui                              | 	connections.max.idle.ms = 300000
kafka-ui                              | 	default.api.timeout.ms = 60000
kafka-ui                              | 	metadata.max.age.ms = 300000
kafka-ui                              | 	metric.reporters = []
kafka-ui                              | 	metrics.num.samples = 2
kafka-ui                              | 	metrics.recording.level = INFO
kafka-ui                              | 	metrics.sample.window.ms = 30000
kafka-ui                              | 	receive.buffer.bytes = 65536
kafka-ui                              | 	reconnect.backoff.max.ms = 1000
kafka-ui                              | 	reconnect.backoff.ms = 50
kafka-ui                              | 	request.timeout.ms = 30000
kafka-ui                              | 	retries = 2147483647
kafka-ui                              | 	retry.backoff.ms = 100
kafka-ui                              | 	sasl.client.callback.handler.class = null
kafka-ui                              | 	sasl.jaas.config = null
kafka-ui                              | 	sasl.kerberos.kinit.cmd = /usr/bin/kinit
kafka-ui                              | 	sasl.kerberos.min.time.before.relogin = 60000
kafka-ui                              | 	sasl.kerberos.service.name = null
kafka-ui                              | 	sasl.kerberos.ticket.renew.jitter = 0.05
kafka-ui                              | 	sasl.kerberos.ticket.renew.window.factor = 0.8
kafka-ui                              | 	sasl.login.callback.handler.class = null
kafka-ui                              | 	sasl.login.class = null
kafka-ui                              | 	sasl.login.connect.timeout.ms = null
kafka-ui                              | 	sasl.login.read.timeout.ms = null
kafka-ui                              | 	sasl.login.refresh.buffer.seconds = 300
kafka-ui                              | 	sasl.login.refresh.min.period.seconds = 60
kafka-ui                              | 	sasl.login.refresh.window.factor = 0.8
kafka-ui                              | 	sasl.login.refresh.window.jitter = 0.05
kafka-ui                              | 	sasl.login.retry.backoff.max.ms = 10000
kafka-ui                              | 	sasl.login.retry.backoff.ms = 100
kafka-ui                              | 	sasl.mechanism = GSSAPI
kafka-ui                              | 	sasl.oauthbearer.clock.skew.seconds = 30
kafka-ui                              | 	sasl.oauthbearer.expected.audience = null
kafka-ui                              | 	sasl.oauthbearer.expected.issuer = null
kafka-ui                              | 	sasl.oauthbearer.jwks.endpoint.refresh.ms = 3600000
kafka-ui                              | 	sasl.oauthbearer.jwks.endpoint.retry.backoff.max.ms = 10000
kafka-ui                              | 	sasl.oauthbearer.jwks.endpoint.retry.backoff.ms = 100
kafka-ui                              | 	sasl.oauthbearer.jwks.endpoint.url = null
kafka-ui                              | 	sasl.oauthbearer.scope.claim.name = scope
kafka-ui                              | 	sasl.oauthbearer.sub.claim.name = sub
kafka-ui                              | 	sasl.oauthbearer.token.endpoint.url = null
kafka-ui                              | 	security.protocol = PLAINTEXT
kafka-ui                              | 	security.providers = null
kafka-ui                              | 	send.buffer.bytes = 131072
kafka-ui                              | 	socket.connection.setup.timeout.max.ms = 30000
kafka-ui                              | 	socket.connection.setup.timeout.ms = 10000
kafka-ui                              | 	ssl.cipher.suites = null
kafka-ui                              | 	ssl.enabled.protocols = [TLSv1.2, TLSv1.3]
kafka-ui                              | 	ssl.endpoint.identification.algorithm = https
kafka-ui                              | 	ssl.engine.factory.class = null
kafka-ui                              | 	ssl.key.password = null
kafka-ui                              | 	ssl.keymanager.algorithm = SunX509
kafka-ui                              | 	ssl.keystore.certificate.chain = null
kafka-ui                              | 	ssl.keystore.key = null
kafka-ui                              | 	ssl.keystore.location = null
kafka-ui                              | 	ssl.keystore.password = null
kafka-ui                              | 	ssl.keystore.type = JKS
kafka-ui                              | 	ssl.protocol = TLSv1.3
kafka-ui                              | 	ssl.provider = null
kafka-ui                              | 	ssl.secure.random.implementation = null
kafka-ui                              | 	ssl.trustmanager.algorithm = PKIX
kafka-ui                              | 	ssl.truststore.certificates = null
kafka-ui                              | 	ssl.truststore.location = null
kafka-ui                              | 	ssl.truststore.password = null
kafka-ui                              | 	ssl.truststore.type = JKS
kafka-ui                              | 
kafka-ui                              | [30m2023-10-28 18:34:20,314[0;39m [34mINFO [0;39m [[34mparallel-1[0;39m] [33mo.a.k.c.u.AppInfoParser[0;39m: Kafka version: 3.3.1
kafka-ui                              | [30m2023-10-28 18:34:20,314[0;39m [34mINFO [0;39m [[34mparallel-1[0;39m] [33mo.a.k.c.u.AppInfoParser[0;39m: Kafka commitId: e23c59d00e687ff5
kafka-ui                              | [30m2023-10-28 18:34:20,314[0;39m [34mINFO [0;39m [[34mparallel-1[0;39m] [33mo.a.k.c.u.AppInfoParser[0;39m: Kafka startTimeMs: 1698518060313
kafka-ui                              | [30m2023-10-28 18:34:20,657[0;39m [39mDEBUG[0;39m [[34mparallel-2[0;39m] [33mc.p.k.u.s.ClustersStatisticsScheduler[0;39m: Metrics updated for cluster: devtask
go-8-middle-project-notifications-1 exited with code 1
go-8-middle-project-kafka-broker-3-1  | [2023-10-28 18:34:35,698] DEBUG [Controller id=3] There is no producerId block yet (Zk path version 0), creating the first block (kafka.controller.KafkaController)
go-8-middle-project-kafka-broker-3-1  | [2023-10-28 18:34:35,707] INFO [Controller id=3] Acquired new producerId block ProducerIdsBlock(assignedBrokerId=3, firstProducerId=0, size=1000) by writing to Zk with path version 1 (kafka.controller.KafkaController)
go-8-middle-project-loms-1 exited with code 2
kafka-ui                              | [30m2023-10-28 18:34:49,962[0;39m [39mDEBUG[0;39m [[34mparallel-6[0;39m] [33mc.p.k.u.s.ClustersStatisticsScheduler[0;39m: Start getting metrics for kafkaCluster: devtask
kafka-ui                              | [30m2023-10-28 18:34:49,975[0;39m [39mDEBUG[0;39m [[34mparallel-3[0;39m] [33mc.p.k.u.s.ClustersStatisticsScheduler[0;39m: Metrics updated for cluster: devtask
kafka-ui                              | [30m2023-10-28 18:35:19,962[0;39m [39mDEBUG[0;39m [[34mparallel-4[0;39m] [33mc.p.k.u.s.ClustersStatisticsScheduler[0;39m: Start getting metrics for kafkaCluster: devtask
kafka-ui                              | [30m2023-10-28 18:35:19,981[0;39m [39mDEBUG[0;39m [[34mparallel-1[0;39m] [33mc.p.k.u.s.ClustersStatisticsScheduler[0;39m: Metrics updated for cluster: devtask
kafka-ui                              | [30m2023-10-28 18:35:49,963[0;39m [39mDEBUG[0;39m [[34mparallel-2[0;39m] [33mc.p.k.u.s.ClustersStatisticsScheduler[0;39m: Start getting metrics for kafkaCluster: devtask
kafka-ui                              | [30m2023-10-28 18:35:49,983[0;39m [39mDEBUG[0;39m [[34mparallel-7[0;39m] [33mc.p.k.u.s.ClustersStatisticsScheduler[0;39m: Metrics updated for cluster: devtask
